Бојана Витанова
206005


4. 
Командата за клонирање:
$ git clone https://github.com/bojanavitanova/SI_2022_lab1_206005.git
Влегувам во клонираниот репозиториум со десен клик->Git Bash Here

5. 
Прво се идентификувам со командите:
$ git config --global user.email "bojanavit@gmail.com"
$ git config --global user.name "Bojana Vitanova"

Потоа го додавам фајлот во staging area:
$ git add 'shopping_list.txt'
Потоа правам комит:
$ git commit -m 'Add 5 items to the shopping list'

6. 
Ги комитнувам промените во фајлот со командата:
$ git commit -a -m 'Add quantities to the items.'
која ги stage-нува промените, а потоа ги комитнува.

7.
Првата гранка ја креирам со командата:
$ git checkout -b branch1
Се враќам на мастер за да ја креирам и втората:
$ git checkout master
Ја креирам и втората:
$ git checkout -b branch2

8. 
Досегашните логови:
$ git log
commit f66ee943529fbd4c2c3761f9443fc8f7036f60c7 (HEAD -> branch2, master, branch1)
Author: Bojana Vitanova <bojanavit@gmail.com>
Date:   Wed Apr 6 15:26:35 2022 +0200

    Add quantities to the items.

commit 05a9a0c1e46697a7d95a74cc4291dab064d8bb15
Author: Bojana Vitanova <bojanavit@gmail.com>
Date:   Wed Apr 6 15:19:15 2022 +0200

    Add 5 items to the shopping list

commit 78f5745904f18034d06388ce5f30c7471433b48d (origin/master, origin/HEAD)
Author: Bojana Vitanova <100386714+bojanavitanova@users.noreply.github.com>
Date:   Wed Apr 6 15:04:03 2022 +0200

    Update README.md

commit 2916e49ee44e3b3357e8f392fa2e4d4c4930d25e
Author: Bojana Vitanova <100386714+bojanavitanova@users.noreply.github.com>
Date:   Wed Apr 6 15:02:22 2022 +0200

:

9. 
Синхронизацијата ја изведувам со командите:
$ git push origin branch1
$ git push origin branch2
Овие команди ги додаваат двете гранки на remote гранката origin.

10.
Се префрлам на branch1:
$ git checkout branch1

11. 
Правам комит на промените:
$ git commit -a -m 'Change quantity of item #2.'

12. 
Се враќам на master:
$ git checkout master

13.
Правам комит на промените:
$ git commit -a -m 'Change quantity of item #2.'

14.
Синхронизација со origin:
$ git push origin --all

15.
Се префрлам на branch2:
$ git checkout branch2

16.
Правам комит на промените:
$ git commit -a -m 'Modify item #4'

17.
Досегашните логови:
$ git log
commit 061998d6bbb31f7323212342ed374d391be4ee46 (HEAD -> branch2)
Author: Bojana Vitanova <bojanavit@gmail.com>
Date:   Wed Apr 6 16:00:04 2022 +0200

    Modify item #4

commit f66ee943529fbd4c2c3761f9443fc8f7036f60c7 (origin/branch2)
Author: Bojana Vitanova <bojanavit@gmail.com>
Date:   Wed Apr 6 15:26:35 2022 +0200

    Add quantities to the items.

commit 05a9a0c1e46697a7d95a74cc4291dab064d8bb15
Author: Bojana Vitanova <bojanavit@gmail.com>
Date:   Wed Apr 6 15:19:15 2022 +0200

    Add 5 items to the shopping list

commit 78f5745904f18034d06388ce5f30c7471433b48d
Author: Bojana Vitanova <100386714+bojanavitanova@users.noreply.github.com>
Date:   Wed Apr 6 15:04:03 2022 +0200

    Update README.md
:

18.
Прво го стејџнуваме фајлот:
$ git add 'shopping_list.txt'
Па го менуваме последниот commit и неговата порака со командата:
$ git commit --amend -m 'Modify item #4 and add item #6'

19.
Логовите по менувањето на последниот commit:
$ git log
commit a3e131d068dd61784a2b12138b2d625b9dd523ae (HEAD -> branch2)
Author: Bojana Vitanova <bojanavit@gmail.com>
Date:   Wed Apr 6 16:00:04 2022 +0200

    Modify item #4 and add item #6

commit f66ee943529fbd4c2c3761f9443fc8f7036f60c7 (origin/branch2)
Author: Bojana Vitanova <bojanavit@gmail.com>
Date:   Wed Apr 6 15:26:35 2022 +0200

    Add quantities to the items.

commit 05a9a0c1e46697a7d95a74cc4291dab064d8bb15
Author: Bojana Vitanova <bojanavit@gmail.com>
Date:   Wed Apr 6 15:19:15 2022 +0200

    Add 5 items to the shopping list

commit 78f5745904f18034d06388ce5f30c7471433b48d
Author: Bojana Vitanova <100386714+bojanavitanova@users.noreply.github.com>
Date:   Wed Apr 6 15:04:03 2022 +0200

    Update README.md
:

20.
Се префлрам на master:
$ git checkout master
Ја спојувам branch1 со master:
$ git merge branch1
Нема конфликти. Се употребува ort стратегија (рекурзивна).


21.
Ја пуштам командата
$ git merge branch2
Се јавува конфликт.
Со командата git diff ги разгледувам разликите.
Го решавам конфликтот така што ги прифаќам промените во branch2. 
Тоа го правам со командите:
$ git checkout --theirs shopping_list.txt
$ git add shopping_list.txt
$ git commit -m 'Accept changes from branch2'

22. 
Оваа датотека прво ќе ја додадам со командата
$ git add '206005.txt'
Потоа ќе направам комит:
& git commit -m 'Add docs'

23. 
За синхронизирање ќе ја искористам командата:
& git push origin -all

